[INFO] Scanning for projects...
[INFO] 
[INFO] ----------------------< com.afristock:afristock >-----------------------
[INFO] Building Afristock 0.0.1-SNAPSHOT
[INFO]   from pom.xml
[INFO] --------------------------------[ jar ]---------------------------------
[INFO] 
[INFO] >>> spring-boot:3.5.11:run (default-cli) > test-compile @ afristock >>>
[INFO] 
[INFO] --- resources:3.3.1:resources (default-resources) @ afristock ---
[INFO] Copying 1 resource from src\main\resources to target\classes
[INFO] Copying 79 resources from src\main\resources to target\classes
[INFO] 
[INFO] --- compiler:3.14.1:compile (default-compile) @ afristock ---
[INFO] Nothing to compile - all classes are up to date.
[INFO] 
[INFO] --- resources:3.3.1:testResources (default-testResources) @ afristock ---
[INFO] Copying 1 resource from src\test\resources to target\test-classes
[INFO] 
[INFO] --- compiler:3.14.1:testCompile (default-testCompile) @ afristock ---
[INFO] Nothing to compile - all classes are up to date.
[INFO] 
[INFO] <<< spring-boot:3.5.11:run (default-cli) < test-compile @ afristock <<<
[INFO] 
[INFO] 
[INFO] --- spring-boot:3.5.11:run (default-cli) @ afristock ---
[INFO] Attaching agents: []

  .   ____          _            __ _ _
 /\\ / ___'_ __ _ _(_)_ __  __ _ \ \ \ \
( ( )\___ | '_ | '_| | '_ \/ _` | \ \ \ \
 \\/  ___)| |_)| | | | | || (_| |  ) ) ) )
  '  |____| .__|_| |_|_| |_\__, | / / / /
 =========|_|==============|___/=/_/_/_/

 :: Spring Boot ::               (v3.5.11)

2026-08-20T14:58:46.413+01:00  INFO 16440 --- [Afristock] [  restartedMain] com.afristock.AfristockApplication       : Starting AfristockApplication using Java 21.0.11 with PID 16440 (C:\Users\sandra\Documents\Gestion de stock\afristock\target\classes started by sandra in C:\Users\sandra\Documents\Gestion de stock\afristock)
2026-08-20T14:58:46.419+01:00  INFO 16440 --- [Afristock] [  restartedMain] com.afristock.AfristockApplication       : No active profile set, falling back to 1 default profile: "default"
2026-08-20T14:58:46.551+01:00  INFO 16440 --- [Afristock] [  restartedMain] .e.DevToolsPropertyDefaultsPostProcessor : Devtools property defaults active! Set 'spring.devtools.add-properties' to 'false' to disable
2026-08-20T14:58:46.551+01:00  INFO 16440 --- [Afristock] [  restartedMain] .e.DevToolsPropertyDefaultsPostProcessor : For additional web related logging consider setting the 'logging.level.web' property to 'DEBUG'
2026-08-20T14:58:48.669+01:00  INFO 16440 --- [Afristock] [  restartedMain] .s.d.r.c.RepositoryConfigurationDelegate : Bootstrapping Spring Data JPA repositories in DEFAULT mode.
2026-08-20T14:58:48.975+01:00  INFO 16440 --- [Afristock] [  restartedMain] .s.d.r.c.RepositoryConfigurationDelegate : Finished Spring Data repository scanning in 287 ms. Found 23 JPA repository interfaces.
2026-08-20T14:58:52.499+01:00  INFO 16440 --- [Afristock] [  restartedMain] o.s.b.w.embedded.tomcat.TomcatWebServer  : Tomcat initialized with port 8080 (http)
2026-08-20T14:58:52.574+01:00  INFO 16440 --- [Afristock] [  restartedMain] o.apache.catalina.core.StandardService   : Starting service [Tomcat]
2026-08-20T14:58:52.575+01:00  INFO 16440 --- [Afristock] [  restartedMain] o.apache.catalina.core.StandardEngine    : Starting Servlet engine: [Apache Tomcat/10.1.52]
2026-08-20T14:58:52.719+01:00  INFO 16440 --- [Afristock] [  restartedMain] o.a.c.c.C.[Tomcat].[localhost].[/]       : Initializing Spring embedded WebApplicationContext
2026-08-20T14:58:52.722+01:00  INFO 16440 --- [Afristock] [  restartedMain] w.s.c.ServletWebServerApplicationContext : Root WebApplicationContext: initialization completed in 6167 ms
2026-08-20T14:58:53.878+01:00  INFO 16440 --- [Afristock] [  restartedMain] com.zaxxer.hikari.HikariDataSource       : HikariPool-1 - Starting...
2026-08-20T14:58:54.318+01:00  INFO 16440 --- [Afristock] [  restartedMain] com.zaxxer.hikari.pool.HikariPool        : HikariPool-1 - Added connection org.postgresql.jdbc.PgConnection@81e5ff5
2026-08-20T14:58:54.320+01:00  INFO 16440 --- [Afristock] [  restartedMain] com.zaxxer.hikari.HikariDataSource       : HikariPool-1 - Start completed.
2026-08-20T14:58:54.365+01:00  INFO 16440 --- [Afristock] [  restartedMain] org.flywaydb.core.FlywayExecutor         : Database: jdbc:postgresql://localhost:5432/afristock (PostgreSQL 18.4)
2026-08-20T14:58:54.390+01:00  WARN 16440 --- [Afristock] [  restartedMain] o.f.c.internal.database.base.Database    : Flyway upgrade recommended: PostgreSQL 18.4 is newer than this version of Flyway and support has not been tested. The latest supported version of PostgreSQL is 17.
2026-08-20T14:58:54.621+01:00  INFO 16440 --- [Afristock] [  restartedMain] o.f.core.internal.command.DbValidate     : Successfully validated 21 migrations (execution time 00:00.179s)
2026-08-20T14:58:54.714+01:00  INFO 16440 --- [Afristock] [  restartedMain] o.f.core.internal.command.DbMigrate      : Current version of schema "public": 19
2026-08-20T14:58:54.721+01:00  INFO 16440 --- [Afristock] [  restartedMain] o.f.core.internal.command.DbMigrate      : Schema "public" is up to date. No migration necessary.
2026-08-20T14:58:55.031+01:00  INFO 16440 --- [Afristock] [  restartedMain] o.hibernate.jpa.internal.util.LogHelper  : HHH000204: Processing PersistenceUnitInfo [name: default]
2026-08-20T14:58:55.188+01:00  INFO 16440 --- [Afristock] [  restartedMain] org.hibernate.Version                    : HHH000412: Hibernate ORM core version 6.6.42.Final
2026-08-20T14:58:55.262+01:00  INFO 16440 --- [Afristock] [  restartedMain] o.h.c.internal.RegionFactoryInitiator    : HHH000026: Second-level cache disabled
2026-08-20T14:58:55.823+01:00  INFO 16440 --- [Afristock] [  restartedMain] o.s.o.j.p.SpringPersistenceUnitInfo      : No LoadTimeWeaver setup: ignoring JPA class transformer
2026-08-20T14:58:55.935+01:00  WARN 16440 --- [Afristock] [  restartedMain] org.hibernate.orm.deprecation            : HHH90000025: PostgreSQLDialect does not need to be specified explicitly using 'hibernate.dialect' (remove the property setting and it will be selected by default)
2026-08-20T14:58:55.959+01:00  INFO 16440 --- [Afristock] [  restartedMain] org.hibernate.orm.connections.pooling    : HHH10001005: Database info:
	Database JDBC URL [Connecting through datasource 'HikariDataSource (HikariPool-1)']
	Database driver: undefined/unknown
	Database version: 18.4
	Autocommit mode: undefined/unknown
	Isolation level: undefined/unknown
	Minimum pool size: undefined/unknown
	Maximum pool size: undefined/unknown
2026-08-20T14:58:58.645+01:00  INFO 16440 --- [Afristock] [  restartedMain] o.h.e.t.j.p.i.JtaPlatformInitiator       : HHH000489: No JTA platform available (set 'hibernate.transaction.jta.platform' to enable JTA platform integration)
2026-08-20T14:58:58.748+01:00  INFO 16440 --- [Afristock] [  restartedMain] j.LocalContainerEntityManagerFactoryBean : Initialized JPA EntityManagerFactory for persistence unit 'default'
2026-08-20T14:58:59.295+01:00  INFO 16440 --- [Afristock] [  restartedMain] o.s.d.j.r.query.QueryEnhancerFactory     : Hibernate is in classpath; If applicable, HQL parser will be used.
2026-08-20T14:59:01.467+01:00  INFO 16440 --- [Afristock] [  restartedMain] r$InitializeUserDetailsManagerConfigurer : Global AuthenticationManager configured with UserDetailsService bean with name customUserDetailsService
2026-08-20T14:59:03.482+01:00  WARN 16440 --- [Afristock] [  restartedMain] JpaBaseConfiguration$JpaWebConfiguration : spring.jpa.open-in-view is enabled by default. Therefore, database queries may be performed during view rendering. Explicitly configure spring.jpa.open-in-view to disable this warning
2026-08-20T14:59:04.780+01:00  INFO 16440 --- [Afristock] [  restartedMain] o.s.b.a.e.web.EndpointLinksResolver      : Exposing 1 endpoint beneath base path '/actuator'
2026-08-20T14:59:06.452+01:00  WARN 16440 --- [Afristock] [  restartedMain] o.s.b.d.a.OptionalLiveReloadServer       : Unable to start LiveReload server
2026-08-20T14:59:06.566+01:00  WARN 16440 --- [Afristock] [  restartedMain] ConfigServletWebServerApplicationContext : Exception encountered during context initialization - cancelling refresh attempt: org.springframework.context.ApplicationContextException: Failed to start bean 'webServerStartStop'
2026-08-20T14:59:06.581+01:00  INFO 16440 --- [Afristock] [  restartedMain] j.LocalContainerEntityManagerFactoryBean : Closing JPA EntityManagerFactory for persistence unit 'default'
2026-08-20T14:59:06.586+01:00  INFO 16440 --- [Afristock] [  restartedMain] com.zaxxer.hikari.HikariDataSource       : HikariPool-1 - Shutdown initiated...
2026-08-20T14:59:06.589+01:00  INFO 16440 --- [Afristock] [  restartedMain] com.zaxxer.hikari.HikariDataSource       : HikariPool-1 - Shutdown completed.
2026-08-20T14:59:06.621+01:00  INFO 16440 --- [Afristock] [  restartedMain] .s.b.a.l.ConditionEvaluationReportLogger : 

Error starting ApplicationContext. To display the condition evaluation report re-run your application with 'debug' enabled.
2026-08-20T14:59:06.654+01:00 ERROR 16440 --- [Afristock] [  restartedMain] o.s.b.d.LoggingFailureAnalysisReporter   : 

***************************
APPLICATION FAILED TO START
***************************

Description:

Web server failed to start. Port 8080 was already in use.

Action:

Identify and stop the process that's listening on port 8080 or configure this application to listen on another port.

[INFO] ------------------------------------------------------------------------
[INFO] BUILD SUCCESS
[INFO] ------------------------------------------------------------------------
[INFO] Total time:  27.539 s
[INFO] Finished at: 2026-08-20T14:59:06+01:00
[INFO] ------------------------------------------------------------------------
